Archive member included to satisfy reference by file (symbol)

../../lib/libcircle.a(actled.o)
                              kernel.o (CActLED::CActLED(bool))
../../lib/libcircle.a(devicenameservice.o)
                              kernel.o (CDeviceNameService::CDeviceNameService())
../../lib/libcircle.a(gpiopin.o)
                              ../../lib/libcircle.a(actled.o) (CGPIOPin::Write(unsigned int))
../../lib/libcircle.a(koptions.o)
                              kernel.o (CKernelOptions::~CKernelOptions())
../../lib/libcircle.a(logger.o)
                              kernel.o (CLogger::CLogger(unsigned int, CTimer*, bool))
../../lib/libcircle.a(machineinfo.o)
                              ../../lib/libcircle.a(logger.o) (CMachineInfo::GetMachineName() const)
../../lib/libcircle.a(screen.o)
                              kernel.o (CScreenDevice::~CScreenDevice())
../../lib/libcircle.a(serial.o)
                              kernel.o (CSerialDevice::Read(void*, unsigned int))
../../lib/libcircle.a(string.o)
                              ../../lib/libcircle.a(devicenameservice.o) (CString::~CString())
../../lib/libcircle.a(sysinit.o)
                              ../../lib/libcircle.a(logger.o) (set_qemu_exit_status)
../../lib/libcircle.a(timer.o)
                              kernel.o (CTimer::CTimer(CInterruptSystem*))
../../lib/libcircle.a(util.o)
                              ../../lib/libcircle.a(devicenameservice.o) (strlen)
../../lib/libcircle.a(util_fast.o)
                              ../../lib/libcircle.a(sysinit.o) (memset)
../../lib/libcircle.a(virtualgpiopin.o)
                              ../../lib/libcircle.a(actled.o) (CVirtualGPIOPin::Write(unsigned int))
../../lib/libcircle.a(chainboot.o)
                              ../../lib/libcircle.a(sysinit.o) (IsChainBootEnabled)
../../lib/libcircle.a(new.o)  ../../lib/libcircle.a(actled.o) (operator new(unsigned int))
../../lib/libcircle.a(heapallocator.o)
                              ../../lib/libcircle.a(new.o) (CHeapAllocator::Allocate(unsigned int))
../../lib/libcircle.a(cache-v7.o)
                              ../../lib/libcircle.a(sysinit.o) (InvalidateDataCacheL1Only)
../../lib/libcircle.a(exceptionhandler.o)
                              kernel.o (CExceptionHandler::~CExceptionHandler())
../../lib/libcircle.a(exceptionstub.o)
                              ../../lib/libcircle.a(exceptionhandler.o) (PrefetchAbortStub)
../../lib/libcircle.a(memory.o)
                              ../../lib/libcircle.a(sysinit.o) (CMemorySystem::Destructor())
../../lib/libcircle.a(pagetable.o)
                              ../../lib/libcircle.a(memory.o) (CPageTable::CPageTable(unsigned int))
../../lib/libcircle.a(startup.o)
                              (_start)
../../lib/libcircle.a(synchronize.o)
                              ../../lib/libcircle.a(devicenameservice.o) (EnterCritical)
../../lib/libcircle.a(interrupt.o)
                              kernel.o (CInterruptSystem::CInterruptSystem())
../../lib/libcircle.a(assert.o)
                              ../../lib/libcircle.a(devicenameservice.o) (assertion_failed)
../../lib/libcircle.a(bcmframebuffer.o)
                              ../../lib/libcircle.a(screen.o) (CBcmFrameBuffer::CBcmFrameBuffer(unsigned int, unsigned int, unsigned int, unsigned int, unsigned int, unsigned int, bool))
../../lib/libcircle.a(bcmpropertytags.o)
                              ../../lib/libcircle.a(koptions.o) (CBcmPropertyTags::CBcmPropertyTags(bool))
../../lib/libcircle.a(chargenerator.o)
                              ../../lib/libcircle.a(screen.o) (CCharGenerator::CCharGenerator())
../../lib/libcircle.a(debug.o)
                              ../../lib/libcircle.a(exceptionhandler.o) (debug_stacktrace(unsigned int const*, char const*))
../../lib/libcircle.a(delayloop.o)
                              ../../lib/libcircle.a(timer.o) (DelayLoop)
../../lib/libcircle.a(device.o)
                              ../../lib/libcircle.a(screen.o) (CDevice::Read(void*, unsigned int))
../../lib/libcircle.a(dmachannel.o)
                              ../../lib/libcircle.a(screen.o) (CDMAChannel::CDMAChannel(unsigned int, CInterruptSystem*))
../../lib/libcircle.a(gpiomanager.o)
                              ../../lib/libcircle.a(gpiopin.o) (CGPIOManager::ConnectInterrupt(CGPIOPin*))
../../lib/libcircle.a(ptrlist.o)
                              ../../lib/libcircle.a(timer.o) (CPtrList::CPtrList())
../../lib/libcircle.a(pageallocator.o)
                              ../../lib/libcircle.a(memory.o) (CPageAllocator::CPageAllocator())
../../lib/libcircle.a(bcmmailbox.o)
                              ../../lib/libcircle.a(bcmpropertytags.o) (CBcmMailBox::CBcmMailBox(unsigned int, bool))
/usr/lib/gcc/arm-none-eabi/13.1.0/thumb/v7+fp/hard/libgcc.a(_aeabi_uldivmod.o)
                              ../../lib/libcircle.a(string.o) (__aeabi_uldivmod)
/usr/lib/gcc/arm-none-eabi/13.1.0/thumb/v7+fp/hard/libgcc.a(_udivmoddi4.o)
                              /usr/lib/gcc/arm-none-eabi/13.1.0/thumb/v7+fp/hard/libgcc.a(_aeabi_uldivmod.o) (__udivmoddi4)
/usr/lib/gcc/arm-none-eabi/13.1.0/thumb/v7+fp/hard/libgcc.a(_dvmd_tls.o)
                              /usr/lib/gcc/arm-none-eabi/13.1.0/thumb/v7+fp/hard/libgcc.a(_aeabi_uldivmod.o) (__aeabi_ldiv0)

Memory Configuration

Name             Origin             Length             Attributes
*default*        0x00000000         0xffffffff

Linker script and memory map

Address of section .init set to 0x8000

.init           0x00008000       0x70
 *(.init)
 .init          0x00008000       0x70 ../../lib/libcircle.a(startup.o)
                0x00008000                _start
                0x00008064                _start_secondary

.text           0x00008070     0xcdf4
 *(.text*)
 .text          0x00008070        0x0 main.o
 .text.startup  0x00008070       0x3c main.o
                0x00008070                main
 .text          0x000080ac      0x400 kernel.o
                0x000080ac                CKernel::CKernel()
                0x000080ac                CKernel::CKernel()
                0x0000818c                CKernel::Initialize()
                0x00008248                clearBuffer(void*, unsigned int)
                0x00008268                my_strlen(char const*)
                0x0000829c                CKernel::~CKernel()
                0x0000829c                CKernel::~CKernel()
                0x0000830c                CKernel::Run()
 .text          0x000084ac      0x1ec ../../lib/libcircle.a(actled.o)
                0x000084ac                CActLED::CActLED(bool)
                0x000084ac                CActLED::CActLED(bool)
                0x00008584                CActLED::~CActLED()
                0x00008584                CActLED::~CActLED()
                0x00008598                CActLED::On()
                0x000085c0                CActLED::Off()
                0x000085f0                CActLED::Blink(unsigned int, unsigned int, unsigned int)
                0x00008688                CActLED::Get()
 .text          0x00008698      0x660 ../../lib/libcircle.a(devicenameservice.o)
                0x00008698                CDeviceNameService::CDeviceNameService()
                0x00008698                CDeviceNameService::CDeviceNameService()
                0x000086dc                CDeviceNameService::~CDeviceNameService()
                0x000086dc                CDeviceNameService::~CDeviceNameService()
                0x00008738                CDeviceNameService::AddDevice(char const*, CDevice*, bool)
                0x000087ec                CDeviceNameService::RemoveDevice(char const*, bool)
                0x000088fc                CDeviceNameService::GetDevice(char const*, bool)
                0x00008a00                CDeviceNameService::EnumerateDevices(bool (*)(CDevice*, char const*, bool, void*), void*)
                0x00008a8c                CDeviceNameService::Get()
                0x00008abc                CDeviceNameService::AddDevice(char const*, unsigned int, CDevice*, bool)
                0x00008b24                CDeviceNameService::RemoveDevice(char const*, unsigned int, bool)
                0x00008b84                CDeviceNameService::GetDevice(char const*, unsigned int, bool)
                0x00008bec                CDeviceNameService::ListDevices(CDevice*)
 .text          0x00008cf8      0xc48 ../../lib/libcircle.a(gpiopin.o)
                0x00008cf8                CGPIOPin::~CGPIOPin()
                0x00008cf8                CGPIOPin::~CGPIOPin()
                0x00008cfc                CGPIOPin::~CGPIOPin()
                0x00008d14                CGPIOPin::CGPIOPin()
                0x00008d14                CGPIOPin::CGPIOPin()
                0x00008d4c                CGPIOPin::AssignPin(unsigned int)
                0x00008dd0                CGPIOPin::Write(unsigned int)
                0x00008e54                CGPIOPin::Read() const
                0x00008ec0                CGPIOPin::Invert()
                0x00008f4c                CGPIOPin::ConnectInterrupt(void (*)(void*), void*, bool)
                0x0000901c                CGPIOPin::DisconnectInterrupt()
                0x000090cc                CGPIOPin::EnableInterrupt(TGPIOInterrupt)
                0x000091c4                CGPIOPin::DisableInterrupt()
                0x00009274                CGPIOPin::EnableInterrupt2(TGPIOInterrupt)
                0x0000936c                CGPIOPin::DisableInterrupt2()
                0x0000941c                CGPIOPin::AcknowledgeInterrupt()
                0x00009474                CGPIOPin::WriteAll(unsigned int, unsigned int)
                0x00009498                CGPIOPin::ReadAll()
                0x000094a8                CGPIOPin::SetPullMode(TGPIOPullMode)
                0x0000953c                CGPIOPin::SetAlternateFunction(unsigned int)
                0x000095f8                CGPIOPin::SetMode(TGPIOMode, bool)
                0x00009794                CGPIOPin::CGPIOPin(unsigned int, TGPIOMode, CGPIOManager*)
                0x00009794                CGPIOPin::CGPIOPin(unsigned int, TGPIOMode, CGPIOManager*)
                0x00009838                CGPIOPin::InterruptHandler()
                0x000098b4                CGPIOPin::DisableAllInterrupts(unsigned int)
 .text.startup  0x00009940       0x14 ../../lib/libcircle.a(gpiopin.o)
 .text          0x00009954      0x8a8 ../../lib/libcircle.a(koptions.o)
                0x00009954                CKernelOptions::~CKernelOptions()
                0x00009954                CKernelOptions::~CKernelOptions()
                0x000099c0                CKernelOptions::GetWidth() const
                0x000099c8                CKernelOptions::GetHeight() const
                0x000099d0                CKernelOptions::GetLogDevice() const
                0x000099dc                CKernelOptions::GetLogLevel() const
                0x000099e4                CKernelOptions::GetKeyMap() const
                0x000099ec                CKernelOptions::GetUSBPowerDelay() const
                0x000099f4                CKernelOptions::GetUSBFullSpeed() const
                0x000099fc                CKernelOptions::GetUSBBoost() const
                0x00009a04                CKernelOptions::GetUSBIgnore() const
                0x00009a10                CKernelOptions::GetUSBSoundChannels() const
                0x00009a18                CKernelOptions::GetSoundDevice() const
                0x00009a24                CKernelOptions::GetSoundOption() const
                0x00009a2c                CKernelOptions::GetCPUSpeed() const
                0x00009a34                CKernelOptions::GetSoCMaxTemp() const
                0x00009a3c                CKernelOptions::GetGPIOFanPin() const
                0x00009a44                CKernelOptions::GetTouchScreen() const
                0x00009a58                CKernelOptions::GetAppOptionString(char const*, char const*) const
                0x00009aa4                CKernelOptions::Get()
                0x00009ab4                CKernelOptions::GetToken()
                0x00009b34                CKernelOptions::GetOptionValue(char*)
                0x00009b6c                CKernelOptions::GetDecimal(char const*)
                0x00009bd4                CKernelOptions::GetAppOptionDecimal(char const*, unsigned int) const
                0x00009c30                CKernelOptions::GetDecimals(char*, unsigned int*, unsigned int)
                0x00009d04                CKernelOptions::CKernelOptions()
                0x00009d04                CKernelOptions::CKernelOptions()
 .text          0x0000a1fc      0x888 ../../lib/libcircle.a(logger.o)
                0x0000a1fc                CLogger::CLogger(unsigned int, CTimer*, bool)
                0x0000a1fc                CLogger::CLogger(unsigned int, CTimer*, bool)
                0x0000a25c                CLogger::~CLogger()
                0x0000a25c                CLogger::~CLogger()
                0x0000a2d4                CLogger::SetNewTarget(CDevice*)
                0x0000a2dc                CLogger::Get()
                0x0000a35c                CLogger::Write(char const*)
                0x0000a44c                CLogger::WriteNoAlloc(char const*, TLogSeverity, char const*)
                0x0000a52c                CLogger::Read(void*, unsigned int, bool)
                0x0000a5f0                CLogger::WriteEvent(char const*, TLogSeverity, char const*)
                0x0000a76c                CLogger::ReadEvent(TLogSeverity*, char*, char*, long*, unsigned int*, int*)
                0x0000a860                CLogger::RegisterEventNotificationHandler(void (*)())
                0x0000a868                CLogger::RegisterPanicHandler(void (*)())
                0x0000a870                CLogger::WriteV(char const*, TLogSeverity, char const*, std::__va_list)
                0x0000aa00                CLogger::Write(char const*, TLogSeverity, char const*, ...)
                0x0000aa30                CLogger::Initialize(CDevice*)
 .text          0x0000aa84      0x8c4 ../../lib/libcircle.a(machineinfo.o)
                0x0000aa84                CMachineInfo::CMachineInfo()
                0x0000aa84                CMachineInfo::CMachineInfo()
                0x0000aeec                CMachineInfo::~CMachineInfo()
                0x0000aeec                CMachineInfo::~CMachineInfo()
                0x0000af08                CMachineInfo::GetMachineModel() const
                0x0000af10                CMachineInfo::GetMachineName() const
                0x0000af24                CMachineInfo::GetModelMajor() const
                0x0000af2c                CMachineInfo::GetModelRevision() const
                0x0000af34                CMachineInfo::GetSoCType() const
                0x0000af3c                CMachineInfo::GetRAMSize() const
                0x0000af44                CMachineInfo::GetSoCName() const
                0x0000af5c                CMachineInfo::GetRevisionRaw() const
                0x0000af64                CMachineInfo::GetActLEDInfo() const
                0x0000af7c                CMachineInfo::GetClockRate(unsigned int) const
                0x0000b0b8                CMachineInfo::GetGPIOPin(TGPIOVirtualPin) const
                0x0000b11c                CMachineInfo::GetGPIOClockSourceRate(unsigned int)
                0x0000b178                CMachineInfo::GetDevice(TDeviceId) const
                0x0000b1a8                CMachineInfo::ArePWMChannelsSwapped() const
                0x0000b1c4                CMachineInfo::AllocateDMAChannel(unsigned int)
                0x0000b298                CMachineInfo::FreeDMAChannel(unsigned int)
                0x0000b31c                CMachineInfo::Get()
 .text          0x0000b348     0x1a68 ../../lib/libcircle.a(screen.o)
                0x0000b348                CScreenDevice::~CScreenDevice()
                0x0000b348                CScreenDevice::~CScreenDevice()
                0x0000b3f8                CScreenDevice::~CScreenDevice()
                0x0000b518                CScreenDevice::CScreenDevice(unsigned int, unsigned int, bool, unsigned int)
                0x0000b518                CScreenDevice::CScreenDevice(unsigned int, unsigned int, bool, unsigned int)
                0x0000b5ac                CScreenDevice::GetWidth() const
                0x0000b5b4                CScreenDevice::GetHeight() const
                0x0000b5bc                CScreenDevice::GetColumns() const
                0x0000b5d8                CScreenDevice::GetRows() const
                0x0000b5f4                CScreenDevice::GetFrameBuffer()
                0x0000b5fc                CScreenDevice::GetStatus()
                0x0000b668                CScreenDevice::SetStatus(TScreenStatus const&)
                0x0000b780                CScreenDevice::CarriageReturn()
                0x0000b78c                CScreenDevice::CursorHome()
                0x0000b7a0                CScreenDevice::CursorLeft()
                0x0000b80c                CScreenDevice::CursorMove(unsigned int, unsigned int)
                0x0000b870                CScreenDevice::CursorUp()
                0x0000b8a0                CScreenDevice::DeleteChars(unsigned int)
                0x0000b8a4                CScreenDevice::DeleteLines(unsigned int)
                0x0000b8a8                CScreenDevice::GetTextBackgroundColor()
                0x0000b8bc                CScreenDevice::GetTextColor()
                0x0000b8d0                CScreenDevice::InsertLines(unsigned int)
                0x0000b8d4                CScreenDevice::InsertMode(bool)
                0x0000b8dc                CScreenDevice::ReverseScroll()
                0x0000b8e0                CScreenDevice::SetCursorMode(bool)
                0x0000b8e8                CScreenDevice::SetScrollRegion(unsigned int, unsigned int)
                0x0000b95c                CScreenDevice::SetStandoutMode(unsigned int)
                0x0000bcd8                CScreenDevice::Scroll()
                0x0000be18                CScreenDevice::CursorDown()
                0x0000be64                CScreenDevice::NewLine()
                0x0000beb8                CScreenDevice::CursorRight()
                0x0000bf2c                CScreenDevice::Tabulator()
                0x0000bfac                CScreenDevice::DisplayChar(char, unsigned int, unsigned int, unsigned short)
                0x0000c080                CScreenDevice::DisplayChar(char)
                0x0000c130                CScreenDevice::EraseChar(unsigned int, unsigned int)
                0x0000c1b8                CScreenDevice::ClearLineEnd()
                0x0000c260                CScreenDevice::EraseChars(unsigned int)
                0x0000c26c                CScreenDevice::ClearDisplayEnd()
                0x0000c40c                CScreenDevice::Initialize()
                0x0000c600                CScreenDevice::Resize(unsigned int, unsigned int)
                0x0000c6ac                CScreenDevice::Write(char)
                0x0000cc30                CScreenDevice::Write(void const*, unsigned int)
                0x0000ccdc                CScreenDevice::InvertCursor()
                0x0000ccec                CScreenDevice::SetPixel(unsigned int, unsigned int, unsigned short)
                0x0000cd18                CScreenDevice::GetPixel(unsigned int, unsigned int)
                0x0000cd50                CScreenDevice::Rotor(unsigned int, unsigned int)
 .text          0x0000cdb0      0xfbc ../../lib/libcircle.a(serial.o)
                0x0000cdb0                CSerialDevice::Read(void*, unsigned int)
                0x0000cf38                CSerialDevice::CSerialDevice(CInterruptSystem*, bool, unsigned int)
                0x0000cf38                CSerialDevice::CSerialDevice(CInterruptSystem*, bool, unsigned int)
                0x0000d0e0                CSerialDevice::Initialize(unsigned int, unsigned int, unsigned int, CSerialDevice::TParity)
                0x0000d3b8                CSerialDevice::GetOptions() const
                0x0000d3c4                CSerialDevice::SetOptions(unsigned int)
                0x0000d3d0                CSerialDevice::RegisterMagicReceivedHandler(char const*, void (*)())
                0x0000d480                CSerialDevice::AvailableForWrite()
                0x0000d520                CSerialDevice::AvailableForRead()
                0x0000d5c0                CSerialDevice::Peek()
                0x0000d680                CSerialDevice::Flush()
                0x0000d698                CSerialDevice::Write(unsigned char)
                0x0000d768                CSerialDevice::Write(void const*, unsigned int)
                0x0000d9cc                CSerialDevice::InterruptHandler()
                0x0000dbc4                CSerialDevice::InterruptStub(void*)
                0x0000dc04                CSerialDevice::~CSerialDevice()
                0x0000dc04                CSerialDevice::~CSerialDevice()
                0x0000dd4c                CSerialDevice::~CSerialDevice()
 *fill*         0x0000dd6c        0x4 
 .text          0x0000dd70     0x17dc ../../lib/libcircle.a(string.o)
                0x0000dd70                CString::~CString()
                0x0000dd70                CString::~CString()
                0x0000dd9c                CString::~CString()
                0x0000de3c                CString::CString()
                0x0000de3c                CString::CString()
                0x0000de54                CString::CString(char const*)
                0x0000de54                CString::CString(char const*)
                0x0000de94                CString::CString(CString const&)
                0x0000de94                CString::CString(CString const&)
                0x0000deec                CString::CString(CString&&)
                0x0000deec                CString::CString(CString&&)
                0x0000df1c                CString::operator char const*() const
                0x0000df34                CString::operator=(char const*)
                0x0000df78                CString::operator=(CString const&)
                0x0000dfd4                CString::operator=(CString&&)
                0x0000e014                CString::GetLength() const
                0x0000e024                CString::Append(char const*)
                0x0000e0a8                CString::Compare(char const*) const
                0x0000e0b0                CString::Find(char) const
                0x0000e0e4                CString::Replace(char const*, char const*)
                0x0000e280                CString::PutChar(char, unsigned int)
                0x0000e2c0                CString::PutString(char const*)
                0x0000e304                CString::ReserveSpace(unsigned int)
                0x0000e374                CString::ntoa(char*, unsigned long, unsigned int, bool)
                0x0000e404                CString::lltoa(char*, unsigned long long, unsigned int, bool)
                0x0000e54c                CString::ftoa(char*, double, unsigned int)
                0x0000e798                CString::FormatV(char const*, std::__va_list)
                0x0000f520                CString::Format(char const*, ...)
 .text          0x0000f54c      0x154 ../../lib/libcircle.a(sysinit.o)
                0x0000f54c                __aeabi_atexit
                0x0000f550                __errno
                0x0000f55c                set_qemu_exit_status
                0x0000f560                halt
                0x0000f574                reboot
                0x0000f598                sysinit
 .text          0x0000f6a0      0xdc0 ../../lib/libcircle.a(timer.o)
                0x0000f6a0                CTimer::CTimer(CInterruptSystem*)
                0x0000f6a0                CTimer::CTimer(CInterruptSystem*)
                0x0000f728                CTimer::~CTimer()
                0x0000f728                CTimer::~CTimer()
                0x0000f814                CTimer::SetTimeZone(int)
                0x0000f838                CTimer::GetTimeZone() const
                0x0000f840                CTimer::SetTime(unsigned int, bool)
                0x0000f8dc                CTimer::GetClockTicks()
                0x0000f8e8                CTimer::GetTicks() const
                0x0000f8f0                CTimer::GetUptime() const
                0x0000f8f8                CTimer::GetTime() const
                0x0000f900                CTimer::GetLocalTime(unsigned int*, unsigned int*)
                0x0000f9b8                CTimer::GetUniversalTime() const
                0x0000f9d8                CTimer::GetUniversalTime(unsigned int*, unsigned int*)
                0x0000faac                CTimer::GetTimeString()
                0x0000fc84                CTimer::StartKernelTimer(unsigned int, void (*)(unsigned int, void*, void*), void*, void*)
                0x0000fdd8                CTimer::CancelKernelTimer(unsigned int)
                0x0000fe80                CTimer::PollKernelTimers()
                0x0000ffc8                CTimer::InterruptHandler()
                0x000100d8                CTimer::InterruptHandler(void*)
                0x00010100                CTimer::TuneMsDelay()
                0x000101a0                CTimer::Initialize()
                0x00010278                CTimer::RegisterUpdateTimeHandler(bool (*)(unsigned int, unsigned int))
                0x000102c4                CTimer::RegisterPeriodicHandler(void (*)())
                0x0001032c                CTimer::SimpleMsDelay(unsigned int)
                0x00010368                CTimer::SimpleusDelay(unsigned int)
                0x00010394                CTimer::IsLeapYear(unsigned int)
                0x000103d8                CTimer::GetDaysOfMonth(unsigned int, unsigned int)
                0x00010430                CTimer::Get()
 .text          0x00010460      0x840 ../../lib/libcircle.a(util.o)
                0x00010460                memmove
                0x0001049c                memcmp
                0x000104ec                strlen
                0x00010514                strcmp
                0x00010584                strcasecmp
                0x0001060c                strncmp
                0x0001068c                strncasecmp
                0x0001076c                strcpy
                0x00010798                strncpy
                0x000107cc                strcat
                0x00010810                strchr
                0x00010838                strstr
                0x0001089c                strtok_r
                0x00010978                strtoul
                0x00010aec                strtoull
                0x00010c90                atoi
                0x00010c9c                char2int
 .text          0x00010ca0       0xb8 ../../lib/libcircle.a(util_fast.o)
                0x00010ca0                memset
                0x00010cfc                memcpy
 .text          0x00010d58      0x29c ../../lib/libcircle.a(virtualgpiopin.o)
                0x00010d58                CVirtualGPIOPin::~CVirtualGPIOPin()
                0x00010d58                CVirtualGPIOPin::~CVirtualGPIOPin()
                0x00010d5c                CVirtualGPIOPin::~CVirtualGPIOPin()
                0x00010d74                CVirtualGPIOPin::Write(unsigned int)
                0x00010e98                CVirtualGPIOPin::CVirtualGPIOPin(unsigned int, bool)
                0x00010e98                CVirtualGPIOPin::CVirtualGPIOPin(unsigned int, bool)
                0x00010fe8                CVirtualGPIOPin::Invert()
 .text.startup  0x00010ff4       0x14 ../../lib/libcircle.a(virtualgpiopin.o)
 .text          0x00011008       0xb4 ../../lib/libcircle.a(chainboot.o)
                0x00011050                EnableChainBoot
                0x00011090                IsChainBootEnabled
                0x000110a8                DoChainBoot
 .text          0x000110bc       0xf0 ../../lib/libcircle.a(new.o)
                0x000110bc                operator new(unsigned int, int)
                0x000110e4                operator new[](unsigned int, int)
                0x0001110c                operator new(unsigned int, void*)
                0x00011114                operator new[](unsigned int, void*)
                0x0001111c                operator new(unsigned int)
                0x00011134                operator new[](unsigned int)
                0x0001114c                operator delete(void*)
                0x00011164                operator delete[](void*)
                0x0001117c                operator delete(void*, unsigned int)
                0x00011194                operator delete[](void*, unsigned int)
 .text          0x000111ac      0x454 ../../lib/libcircle.a(heapallocator.o)
                0x000111ac                CHeapAllocator::CHeapAllocator(char const*)
                0x000111ac                CHeapAllocator::CHeapAllocator(char const*)
                0x00011208                CHeapAllocator::~CHeapAllocator()
                0x00011208                CHeapAllocator::~CHeapAllocator()
                0x0001120c                CHeapAllocator::Setup(unsigned int, unsigned int, unsigned int)
                0x00011218                CHeapAllocator::GetFreeSpace() const
                0x00011224                CHeapAllocator::Allocate(unsigned int)
                0x0001140c                CHeapAllocator::Free(void*)
                0x00011518                CHeapAllocator::ReAllocate(void*, unsigned int)
 .text          0x00011600      0x1f4 ../../lib/libcircle.a(cache-v7.o)
                0x00011600                InvalidateDataCacheL1Only
                0x0001166c                InvalidateDataCache
                0x00011714                CleanDataCache
                0x000117bc                CleanAndInvalidateDataCacheRange
 .text          0x000117f4      0x364 ../../lib/libcircle.a(exceptionhandler.o)
                0x000117f4                CExceptionHandler::~CExceptionHandler()
                0x000117f4                CExceptionHandler::~CExceptionHandler()
                0x00011808                CExceptionHandler::~CExceptionHandler()
                0x00011830                CExceptionHandler::Throw(unsigned int)
                0x00011870                CExceptionHandler::Throw(unsigned int, TAbortFrame*)
                0x00011964                CExceptionHandler::CExceptionHandler()
                0x00011964                CExceptionHandler::CExceptionHandler()
                0x00011a38                CExceptionHandler::Get()
                0x00011a68                ExceptionHandler
                0x00011ac0                raise
 .text          0x00011b58      0x1c8 ../../lib/libcircle.a(exceptionstub.o)
                0x00011b58                UndefinedInstructionInternal
                0x00011ba8                PrefetchAbortStub
                0x00011bf8                DataAbortStub
                0x00011c48                UndefinedInstructionStub
                0x00011c64                IRQStub
                0x00011ca4                FIQStub
 .text          0x00011d20      0x320 ../../lib/libcircle.a(memory.o)
                0x00011d20                CMemorySystem::~CMemorySystem()
                0x00011d20                CMemorySystem::~CMemorySystem()
                0x00011d88                CMemorySystem::Destructor()
                0x00011dd4                CMemorySystem::GetMemSize() const
                0x00011e0c                CMemorySystem::Get()
                0x00011e38                CMemorySystem::EnableMMU()
                0x00011ef0                CMemorySystem::CMemorySystem(bool)
                0x00011ef0                CMemorySystem::CMemorySystem(bool)
                0x00012034                CMemorySystem::GetCoherentPage(unsigned int)
 .text          0x00012040       0x9c ../../lib/libcircle.a(pagetable.o)
                0x00012040                CPageTable::CPageTable(unsigned int)
                0x00012040                CPageTable::CPageTable(unsigned int)
                0x000120cc                CPageTable::~CPageTable()
                0x000120cc                CPageTable::~CPageTable()
                0x000120d0                CPageTable::GetBaseAddress() const
 .text          0x000120dc        0x0 ../../lib/libcircle.a(startup.o)
 .text          0x000120dc      0x134 ../../lib/libcircle.a(synchronize.o)
                0x000120dc                CurrentExecutionLevel
                0x000120f0                EnterCritical
                0x0001219c                LeaveCritical
                0x000121f0                SyncDataAndInstructionCache
 .text          0x00012210      0x740 ../../lib/libcircle.a(interrupt.o)
                0x00012210                CInterruptSystem::CInterruptSystem()
                0x00012210                CInterruptSystem::CInterruptSystem()
                0x0001223c                CInterruptSystem::~CInterruptSystem()
                0x0001223c                CInterruptSystem::~CInterruptSystem()
                0x0001227c                CInterruptSystem::Initialize()
                0x00012318                CInterruptSystem::ConnectIRQ(unsigned int, void (*)(void*), void*)
                0x000123e4                CInterruptSystem::DisconnectIRQ(unsigned int)
                0x000124b4                CInterruptSystem::ConnectFIQ(unsigned int, void (*)(void*), void*)
                0x00012584                CInterruptSystem::DisconnectFIQ()
                0x000125fc                CInterruptSystem::EnableIRQ(unsigned int)
                0x00012698                CInterruptSystem::DisableIRQ(unsigned int)
                0x00012734                CInterruptSystem::EnableFIQ(unsigned int)
                0x0001276c                CInterruptSystem::DisableFIQ()
                0x00012780                CInterruptSystem::Get()
                0x000127b0                CInterruptSystem::CallIRQHandler(unsigned int)
                0x00012804                CInterruptSystem::InterruptHandler()
                0x0001294c                InterruptHandler
 .text          0x00012950       0x84 ../../lib/libcircle.a(assert.o)
                0x00012950                assertion_failed
 .text          0x000129d4      0x508 ../../lib/libcircle.a(bcmframebuffer.o)
                0x000129d4                CBcmFrameBuffer::CBcmFrameBuffer(unsigned int, unsigned int, unsigned int, unsigned int, unsigned int, unsigned int, bool)
                0x000129d4                CBcmFrameBuffer::CBcmFrameBuffer(unsigned int, unsigned int, unsigned int, unsigned int, unsigned int, unsigned int, bool)
                0x00012b30                CBcmFrameBuffer::~CBcmFrameBuffer()
                0x00012b30                CBcmFrameBuffer::~CBcmFrameBuffer()
                0x00012b54                CBcmFrameBuffer::SetPalette(unsigned char, unsigned short)
                0x00012bac                CBcmFrameBuffer::SetPalette32(unsigned char, unsigned int)
                0x00012be4                CBcmFrameBuffer::GetWidth() const
                0x00012bec                CBcmFrameBuffer::GetHeight() const
                0x00012bf4                CBcmFrameBuffer::GetVirtWidth() const
                0x00012bfc                CBcmFrameBuffer::GetVirtHeight() const
                0x00012c04                CBcmFrameBuffer::GetPitch() const
                0x00012c0c                CBcmFrameBuffer::GetDepth() const
                0x00012c14                CBcmFrameBuffer::GetBuffer() const
                0x00012c1c                CBcmFrameBuffer::GetSize() const
                0x00012c24                CBcmFrameBuffer::UpdatePalette()
                0x00012cec                CBcmFrameBuffer::Initialize()
                0x00012db4                CBcmFrameBuffer::SetVirtualOffset(unsigned int, unsigned int)
                0x00012e30                CBcmFrameBuffer::WaitForVerticalSync()
                0x00012e7c                CBcmFrameBuffer::SetBacklightBrightness(unsigned int)
                0x00012ed0                CBcmFrameBuffer::SetDisplay()
                0x00012ed4                CBcmFrameBuffer::GetNumDisplays()
 .text          0x00012edc      0x23c ../../lib/libcircle.a(bcmpropertytags.o)
                0x00012edc                CBcmPropertyTags::CBcmPropertyTags(bool)
                0x00012edc                CBcmPropertyTags::CBcmPropertyTags(bool)
                0x00012ef8                CBcmPropertyTags::~CBcmPropertyTags()
                0x00012ef8                CBcmPropertyTags::~CBcmPropertyTags()
                0x00012f0c                CBcmPropertyTags::GetTags(void*, unsigned int)
                0x00013024                CBcmPropertyTags::GetTag(unsigned int, void*, unsigned int, unsigned int)
 .text          0x00013118       0x94 ../../lib/libcircle.a(chargenerator.o)
                0x00013118                CCharGenerator::CCharGenerator()
                0x00013118                CCharGenerator::CCharGenerator()
                0x00013124                CCharGenerator::~CCharGenerator()
                0x00013124                CCharGenerator::~CCharGenerator()
                0x00013128                CCharGenerator::GetCharWidth() const
                0x00013130                CCharGenerator::GetCharHeight() const
                0x00013138                CCharGenerator::GetUnderline() const
                0x00013140                CCharGenerator::GetPixel(char, unsigned int, unsigned int) const
 .text          0x000131ac      0x19c ../../lib/libcircle.a(debug.o)
                0x000131ac                debug_hexdump(void const*, unsigned int, char const*)
                0x000132bc                debug_stacktrace(unsigned int const*, char const*)
 .text          0x00013348       0x14 ../../lib/libcircle.a(delayloop.o)
                0x00013348                DelayLoop
 .text          0x0001335c      0x1dc ../../lib/libcircle.a(device.o)
                0x0001335c                CDevice::Read(void*, unsigned int)
                0x0001335c                CDevice::Write(void const*, unsigned int)
                0x00013364                CDevice::Seek(unsigned long long)
                0x00013370                CDevice::GetSize() const
                0x0001337c                CDevice::IOCtl(unsigned long, void*)
                0x00013384                CDevice::RemoveDevice()
                0x0001338c                CDevice::~CDevice()
                0x0001338c                CDevice::~CDevice()
                0x00013420                CDevice::~CDevice()
                0x00013440                CDevice::CDevice()
                0x00013440                CDevice::CDevice()
                0x00013460                CDevice::RegisterRemovedHandler(void (*)(CDevice*, void*), void*)
                0x000134d0                CDevice::UnregisterRemovedHandler(void*)
 .text          0x00013538      0xcc4 ../../lib/libcircle.a(dmachannel.o)
                0x00013538                CDMAChannel::CDMAChannel(unsigned int, CInterruptSystem*)
                0x00013538                CDMAChannel::CDMAChannel(unsigned int, CInterruptSystem*)
                0x00013618                CDMAChannel::~CDMAChannel()
                0x00013618                CDMAChannel::~CDMAChannel()
                0x00013704                CDMAChannel::SetupMemCopy(void*, void const*, unsigned int, unsigned int, bool)
                0x000138dc                CDMAChannel::SetupIORead(void*, unsigned int, unsigned int, TDREQ)
                0x00013a60                CDMAChannel::SetupIOWrite(unsigned int, void const*, unsigned int, TDREQ)
                0x00013be4                CDMAChannel::SetupMemCopy2D(void*, void const*, unsigned int, unsigned int, unsigned int, unsigned int)
                0x00013de8                CDMAChannel::SetCompletionRoutine(void (*)(unsigned int, bool, void*), void*)
                0x00013e8c                CDMAChannel::Start()
                0x00013fe4                CDMAChannel::Wait()
                0x00014070                CDMAChannel::GetStatus()
                0x000140c8                CDMAChannel::InterruptHandler()
                0x000141d8                CDMAChannel::InterruptStub(void*)
 .text          0x000141fc      0x34c ../../lib/libcircle.a(gpiomanager.o)
                0x000141fc                CGPIOManager::CGPIOManager(CInterruptSystem*)
                0x000141fc                CGPIOManager::CGPIOManager(CInterruptSystem*)
                0x00014220                CGPIOManager::~CGPIOManager()
                0x00014220                CGPIOManager::~CGPIOManager()
                0x000142a0                CGPIOManager::Initialize()
                0x00014310                CGPIOManager::ConnectInterrupt(CGPIOPin*)
                0x000143ac                CGPIOManager::DisconnectInterrupt(CGPIOPin*)
                0x0001444c                CGPIOManager::InterruptHandler()
                0x00014520                CGPIOManager::InterruptStub(void*)
 .text          0x00014548      0x44c ../../lib/libcircle.a(ptrlist.o)
                0x00014548                CPtrList::CPtrList()
                0x00014548                CPtrList::CPtrList()
                0x00014554                CPtrList::~CPtrList()
                0x00014554                CPtrList::~CPtrList()
                0x0001457c                CPtrList::GetFirst()
                0x00014584                CPtrList::GetNext(TPtrListElement*)
                0x000145dc                CPtrList::GetPtr(TPtrListElement*)
                0x00014634                CPtrList::InsertBefore(TPtrListElement*, void*)
                0x00014724                CPtrList::InsertAfter(TPtrListElement*, void*)
                0x00014814                CPtrList::Remove(TPtrListElement*)
                0x0001493c                CPtrList::Find(void*)
 .text          0x00014994      0x1c8 ../../lib/libcircle.a(pageallocator.o)
                0x00014994                CPageAllocator::CPageAllocator()
                0x00014994                CPageAllocator::CPageAllocator()
                0x000149b0                CPageAllocator::~CPageAllocator()
                0x000149b0                CPageAllocator::~CPageAllocator()
                0x000149b4                CPageAllocator::Setup(unsigned int, unsigned int)
                0x00014a1c                CPageAllocator::GetFreeSpace() const
                0x00014a28                CPageAllocator::Allocate()
                0x00014af4                CPageAllocator::Free(void*)
 .text          0x00014b5c      0x1c8 ../../lib/libcircle.a(bcmmailbox.o)
                0x00014b5c                CBcmMailBox::CBcmMailBox(unsigned int, bool)
                0x00014b5c                CBcmMailBox::CBcmMailBox(unsigned int, bool)
                0x00014b68                CBcmMailBox::~CBcmMailBox()
                0x00014b68                CBcmMailBox::~CBcmMailBox()
                0x00014b6c                CBcmMailBox::WriteRead(unsigned int)
                0x00014c78                CBcmMailBox::Flush()
                0x00014cac                CBcmMailBox::Read()
                0x00014cdc                CBcmMailBox::Write(unsigned int)
 .text.startup  0x00014d24       0x14 ../../lib/libcircle.a(bcmmailbox.o)
 .text          0x00014d38       0x30 /usr/lib/gcc/arm-none-eabi/13.1.0/thumb/v7+fp/hard/libgcc.a(_aeabi_uldivmod.o)
                0x00014d38                __aeabi_uldivmod
 .text          0x00014d68        0x0 /usr/lib/gcc/arm-none-eabi/13.1.0/thumb/v7+fp/hard/libgcc.a(_udivmoddi4.o)
 .text.__udivmoddi4
                0x00014d68       0xf8 /usr/lib/gcc/arm-none-eabi/13.1.0/thumb/v7+fp/hard/libgcc.a(_udivmoddi4.o)
                0x00014d68                __udivmoddi4
 .text          0x00014e60        0x4 /usr/lib/gcc/arm-none-eabi/13.1.0/thumb/v7+fp/hard/libgcc.a(_dvmd_tls.o)
                0x00014e60                __aeabi_ldiv0
                0x00014e60                __aeabi_idiv0
                0x00014e64                        _etext = .

.glue_7         0x00014e64        0x0
 .glue_7        0x00014e64        0x0 linker stubs

.glue_7t        0x00014e64        0x0
 .glue_7t       0x00014e64        0x0 linker stubs

.vfp11_veneer   0x00014e64        0x0
 .vfp11_veneer  0x00014e64        0x0 linker stubs

.v4_bx          0x00014e64        0x0
 .v4_bx         0x00014e64        0x0 linker stubs

.iplt           0x00014e64        0x0
 .iplt          0x00014e64        0x0 main.o

.rodata         0x00014e68     0x27f3
 *(.rodata*)
 .rodata.str1.4
                0x00014e68       0x4e kernel.o
 *fill*         0x00014eb6        0x2 
 .rodata        0x00014eb8        0x7 kernel.o
 *fill*         0x00014ebf        0x1 
 .rodata.str1.4
                0x00014ec0       0x93 ../../lib/libcircle.a(devicenameservice.o)
                                 0x96 (size before relaxing)
 *fill*         0x00014f53        0x5 
 .rodata        0x00014f58      0x2e5 ../../lib/libcircle.a(gpiopin.o)
                0x00014f58                vtable for CGPIOPin
 *fill*         0x0001523d        0x3 
 .rodata.str1.4
                0x00015240       0xd4 ../../lib/libcircle.a(koptions.o)
 .rodata        0x00015314        0x2 ../../lib/libcircle.a(koptions.o)
 *fill*         0x00015316        0x2 
 .rodata        0x00015318       0x3b ../../lib/libcircle.a(logger.o)
 *fill*         0x00015353        0x5 
 .rodata        0x00015358      0x4de ../../lib/libcircle.a(machineinfo.o)
 *fill*         0x00015836        0x2 
 .rodata        0x00015838       0x31 ../../lib/libcircle.a(screen.o)
                0x00015838                vtable for CScreenDevice
 *fill*         0x00015869        0x7 
 .rodata        0x00015870      0x1c0 ../../lib/libcircle.a(serial.o)
                0x00015894                vtable for CSerialDevice
 .rodata.str1.4
                0x00015a30       0x13 ../../lib/libcircle.a(string.o)
                                 0x17 (size before relaxing)
 *fill*         0x00015a43        0x1 
 .rodata        0x00015a44       0x10 ../../lib/libcircle.a(string.o)
                0x00015a44                vtable for CString
 .rodata.str1.4
                0x00015a54        0x9 ../../lib/libcircle.a(sysinit.o)
 *fill*         0x00015a5d        0x3 
 .rodata.str1.4
                0x00015a60      0x200 ../../lib/libcircle.a(timer.o)
                                0x210 (size before relaxing)
 .rodata        0x00015c60       0x36 ../../lib/libcircle.a(timer.o)
                0x00015c60                CTimer::s_nDaysOfMonth
 *fill*         0x00015c96        0x2 
 .rodata        0x00015c98       0x30 ../../lib/libcircle.a(virtualgpiopin.o)
                0x00015cb8                vtable for CVirtualGPIOPin
 .rodata.str1.4
                0x00015cc8       0x7b ../../lib/libcircle.a(heapallocator.o)
 *fill*         0x00015d43        0x1 
 .rodata.str1.4
                0x00015d44       0xc4 ../../lib/libcircle.a(exceptionhandler.o)
                                 0xe4 (size before relaxing)
 .rodata        0x00015e08       0x20 ../../lib/libcircle.a(exceptionhandler.o)
                0x00015e10                vtable for CExceptionHandler
 .rodata        0x00015e28       0x90 ../../lib/libcircle.a(memory.o)
 .rodata.str1.4
                0x00015eb8       0xb5 ../../lib/libcircle.a(synchronize.o)
 *fill*         0x00015f6d        0x3 
 .rodata.str1.4
                0x00015f70       0xf1 ../../lib/libcircle.a(interrupt.o)
                                0x111 (size before relaxing)
 *fill*         0x00016061        0x3 
 .rodata.str1.4
                0x00016064       0x1d ../../lib/libcircle.a(assert.o)
 *fill*         0x00016081        0x3 
 .rodata        0x00016084       0x70 ../../lib/libcircle.a(bcmframebuffer.o)
                0x00016084                CBcmFrameBuffer::s_InitTags
 .rodata        0x000160f4       0x98 ../../lib/libcircle.a(bcmpropertytags.o)
 .rodata.str1.4
                0x0001618c       0x29 ../../lib/libcircle.a(chargenerator.o)
 *fill*         0x000161b5        0x3 
 .rodata        0x000161b8      0xdf0 ../../lib/libcircle.a(chargenerator.o)
 .rodata.str1.4
                0x00016fa8       0x93 ../../lib/libcircle.a(debug.o)
 *fill*         0x0001703b        0x1 
 .rodata        0x0001703c        0x6 ../../lib/libcircle.a(debug.o)
 *fill*         0x00017042        0x2 
 .rodata.str1.4
                0x00017044       0x3e ../../lib/libcircle.a(device.o)
                                 0x4e (size before relaxing)
 *fill*         0x00017082        0x2 
 .rodata        0x00017084       0x28 ../../lib/libcircle.a(device.o)
                0x00017084                vtable for CDevice
 .rodata        0x000170ac      0x33f ../../lib/libcircle.a(dmachannel.o)
 *fill*         0x000173eb        0x1 
 .rodata.str1.4
                0x000173ec       0x9c ../../lib/libcircle.a(gpiomanager.o)
 .rodata.str1.4
                0x00017488      0x166 ../../lib/libcircle.a(ptrlist.o)
                                0x176 (size before relaxing)
 *fill*         0x000175ee        0x2 
 .rodata        0x000175f0       0x48 ../../lib/libcircle.a(pageallocator.o)
 .rodata.str1.4
                0x00017638       0x23 ../../lib/libcircle.a(bcmmailbox.o)

.ARM.extab.text.__udivmoddi4
                0x0001765b        0x0
 .ARM.extab.text.__udivmoddi4
                0x0001765b        0x0 /usr/lib/gcc/arm-none-eabi/13.1.0/thumb/v7+fp/hard/libgcc.a(_udivmoddi4.o)

.init_array     0x0001765c        0xc
                0x0001765c                        __init_start = .
 *(.init_array*)
 .init_array    0x0001765c        0x4 ../../lib/libcircle.a(gpiopin.o)
 .init_array    0x00017660        0x4 ../../lib/libcircle.a(virtualgpiopin.o)
 .init_array    0x00017664        0x4 ../../lib/libcircle.a(bcmmailbox.o)
                0x00017668                        __init_end = .

.ARM.exidx      0x00017668        0x8
                0x00017668                        __exidx_start = .
 *(.ARM.exidx*)
 .ARM.exidx.text.__udivmoddi4
                0x00017668        0x8 /usr/lib/gcc/arm-none-eabi/13.1.0/thumb/v7+fp/hard/libgcc.a(_udivmoddi4.o)
                0x00017670                        __exidx_end = .

.rel.dyn        0x00017670        0x0
 .rel.iplt      0x00017670        0x0 main.o

.eh_frame
 *(.eh_frame*)

.data           0x00017670       0x74
 *(.data*)
 .data          0x00017670        0x0 main.o
 .data          0x00017670        0x0 kernel.o
 .data          0x00017670        0x0 ../../lib/libcircle.a(actled.o)
 .data          0x00017670        0x0 ../../lib/libcircle.a(devicenameservice.o)
 .data          0x00017670        0x0 ../../lib/libcircle.a(gpiopin.o)
 .data          0x00017670        0x0 ../../lib/libcircle.a(koptions.o)
 .data          0x00017670        0x0 ../../lib/libcircle.a(logger.o)
 .data          0x00017670        0x0 ../../lib/libcircle.a(machineinfo.o)
 .data          0x00017670        0x0 ../../lib/libcircle.a(screen.o)
 .data          0x00017670        0x0 ../../lib/libcircle.a(serial.o)
 .data          0x00017670        0x0 ../../lib/libcircle.a(string.o)
 .data          0x00017670        0x0 ../../lib/libcircle.a(sysinit.o)
 .data          0x00017670       0x30 ../../lib/libcircle.a(timer.o)
                0x00017670                CTimer::s_pMonthName
 .data          0x000176a0        0x0 ../../lib/libcircle.a(util.o)
 .data          0x000176a0        0x0 ../../lib/libcircle.a(util_fast.o)
 .data          0x000176a0        0x0 ../../lib/libcircle.a(virtualgpiopin.o)
 .data          0x000176a0        0x0 ../../lib/libcircle.a(chainboot.o)
 .data          0x000176a0        0x0 ../../lib/libcircle.a(new.o)
 .data          0x000176a0       0x1c ../../lib/libcircle.a(heapallocator.o)
                0x000176a0                CHeapAllocator::s_nBucketSize
 .data          0x000176bc        0x0 ../../lib/libcircle.a(cache-v7.o)
 *fill*         0x000176bc        0x4 
 .data          0x000176c0       0x14 ../../lib/libcircle.a(exceptionhandler.o)
                0x000176c0                CExceptionHandler::s_pExceptionName
 .data          0x000176d4       0x10 ../../lib/libcircle.a(exceptionstub.o)
                0x000176d4                FIQData
                0x000176e0                IRQReturnAddress
 .data          0x000176e4        0x0 ../../lib/libcircle.a(memory.o)
 .data          0x000176e4        0x0 ../../lib/libcircle.a(pagetable.o)
 .data          0x000176e4        0x0 ../../lib/libcircle.a(startup.o)
 .data          0x000176e4        0x0 ../../lib/libcircle.a(synchronize.o)
 .data          0x000176e4        0x0 ../../lib/libcircle.a(interrupt.o)
 .data          0x000176e4        0x0 ../../lib/libcircle.a(assert.o)
 .data          0x000176e4        0x0 ../../lib/libcircle.a(bcmframebuffer.o)
 .data          0x000176e4        0x0 ../../lib/libcircle.a(bcmpropertytags.o)
 .data          0x000176e4        0x0 ../../lib/libcircle.a(chargenerator.o)
 .data          0x000176e4        0x0 ../../lib/libcircle.a(debug.o)
 .data          0x000176e4        0x0 ../../lib/libcircle.a(delayloop.o)
 .data          0x000176e4        0x0 ../../lib/libcircle.a(device.o)
 .data          0x000176e4        0x0 ../../lib/libcircle.a(dmachannel.o)
 .data          0x000176e4        0x0 ../../lib/libcircle.a(gpiomanager.o)
 .data          0x000176e4        0x0 ../../lib/libcircle.a(ptrlist.o)
 .data          0x000176e4        0x0 ../../lib/libcircle.a(pageallocator.o)
 .data          0x000176e4        0x0 ../../lib/libcircle.a(bcmmailbox.o)
 .data          0x000176e4        0x0 /usr/lib/gcc/arm-none-eabi/13.1.0/thumb/v7+fp/hard/libgcc.a(_aeabi_uldivmod.o)
 .data          0x000176e4        0x0 /usr/lib/gcc/arm-none-eabi/13.1.0/thumb/v7+fp/hard/libgcc.a(_udivmoddi4.o)
 .data          0x000176e4        0x0 /usr/lib/gcc/arm-none-eabi/13.1.0/thumb/v7+fp/hard/libgcc.a(_dvmd_tls.o)

.igot.plt       0x000176e4        0x0
 .igot.plt      0x000176e4        0x0 main.o

.bss            0x000176e8       0xc0
                0x000176e8                        __bss_start = .
 *(.bss*)
 .bss           0x000176e8        0x0 main.o
 .bss           0x000176e8        0x0 kernel.o
 .bss           0x000176e8        0x4 ../../lib/libcircle.a(actled.o)
                0x000176e8                CActLED::s_pThis
 .bss           0x000176ec        0x4 ../../lib/libcircle.a(devicenameservice.o)
                0x000176ec                CDeviceNameService::s_This
 .bss           0x000176f0        0x4 ../../lib/libcircle.a(gpiopin.o)
                0x000176f0                CGPIOPin::s_SpinLock
 .bss           0x000176f4        0x4 ../../lib/libcircle.a(koptions.o)
                0x000176f4                CKernelOptions::s_pThis
 .bss           0x000176f8        0x4 ../../lib/libcircle.a(logger.o)
                0x000176f8                CLogger::s_pThis
 .bss           0x000176fc        0x4 ../../lib/libcircle.a(machineinfo.o)
                0x000176fc                CMachineInfo::s_pThis
 .bss           0x00017700        0x0 ../../lib/libcircle.a(screen.o)
 .bss           0x00017700       0x14 ../../lib/libcircle.a(serial.o)
                0x00017700                CSerialDevice::s_pThis
                0x00017704                CSerialDevice::s_nInterruptUseCount
                0x00017708                CSerialDevice::s_pInterruptSystem
                0x0001770c                CSerialDevice::s_bUseFIQ
                0x00017710                CSerialDevice::s_nInterruptDeviceMask
 .bss           0x00017714        0x0 ../../lib/libcircle.a(string.o)
 .bss           0x00017714       0x14 ../../lib/libcircle.a(sysinit.o)
                0x00017718                circle_version_string
                0x00017724                __dso_handle
 .bss           0x00017728        0x4 ../../lib/libcircle.a(timer.o)
                0x00017728                CTimer::s_pThis
 .bss           0x0001772c        0x0 ../../lib/libcircle.a(util.o)
 .bss           0x0001772c        0x0 ../../lib/libcircle.a(util_fast.o)
 .bss           0x0001772c        0x8 ../../lib/libcircle.a(virtualgpiopin.o)
                0x0001772c                CVirtualGPIOPin::s_nGPIOBaseAddress
                0x00017730                CVirtualGPIOPin::s_SpinLock
 .bss           0x00017734        0x8 ../../lib/libcircle.a(chainboot.o)
 .bss           0x0001773c        0x0 ../../lib/libcircle.a(new.o)
 .bss           0x0001773c        0x0 ../../lib/libcircle.a(heapallocator.o)
 .bss           0x0001773c        0x0 ../../lib/libcircle.a(cache-v7.o)
 .bss           0x0001773c        0x4 ../../lib/libcircle.a(exceptionhandler.o)
                0x0001773c                CExceptionHandler::s_pThis
 .bss           0x00017740        0x0 ../../lib/libcircle.a(exceptionstub.o)
 .bss           0x00017740        0x4 ../../lib/libcircle.a(memory.o)
                0x00017740                CMemorySystem::s_pThis
 .bss           0x00017744        0x0 ../../lib/libcircle.a(pagetable.o)
 .bss           0x00017744        0x0 ../../lib/libcircle.a(startup.o)
 *fill*         0x00017744        0x4 
 .bss           0x00017748       0x58 ../../lib/libcircle.a(synchronize.o)
 .bss           0x000177a0        0x4 ../../lib/libcircle.a(interrupt.o)
                0x000177a0                CInterruptSystem::s_pThis
 .bss           0x000177a4        0x0 ../../lib/libcircle.a(assert.o)
 .bss           0x000177a4        0x0 ../../lib/libcircle.a(bcmframebuffer.o)
 .bss           0x000177a4        0x0 ../../lib/libcircle.a(bcmpropertytags.o)
 .bss           0x000177a4        0x0 ../../lib/libcircle.a(chargenerator.o)
 .bss           0x000177a4        0x0 ../../lib/libcircle.a(debug.o)
 .bss           0x000177a4        0x0 ../../lib/libcircle.a(delayloop.o)
 .bss           0x000177a4        0x0 ../../lib/libcircle.a(device.o)
 .bss           0x000177a4        0x0 ../../lib/libcircle.a(dmachannel.o)
 .bss           0x000177a4        0x0 ../../lib/libcircle.a(gpiomanager.o)
 .bss           0x000177a4        0x0 ../../lib/libcircle.a(ptrlist.o)
 .bss           0x000177a4        0x0 ../../lib/libcircle.a(pageallocator.o)
 .bss           0x000177a4        0x4 ../../lib/libcircle.a(bcmmailbox.o)
                0x000177a4                CBcmMailBox::s_SpinLock
 .bss           0x000177a8        0x0 /usr/lib/gcc/arm-none-eabi/13.1.0/thumb/v7+fp/hard/libgcc.a(_aeabi_uldivmod.o)
 .bss           0x000177a8        0x0 /usr/lib/gcc/arm-none-eabi/13.1.0/thumb/v7+fp/hard/libgcc.a(_udivmoddi4.o)
 .bss           0x000177a8        0x0 /usr/lib/gcc/arm-none-eabi/13.1.0/thumb/v7+fp/hard/libgcc.a(_dvmd_tls.o)
 *(COMMON)
                0x000177a8                        _end = .
LOAD main.o
LOAD kernel.o
START GROUP
LOAD ../../lib/libcircle.a
LOAD /usr/lib/gcc/arm-none-eabi/13.1.0/thumb/v7+fp/hard/libgcc.a
LOAD /usr/lib/gcc/arm-none-eabi/13.1.0/../../../../arm-none-eabi/lib/thumb/v7+fp/hard/libm.a
END GROUP
OUTPUT(kernel8-32.elf elf32-littlearm)
LOAD linker stubs

.debug_info     0x00000000    0x2a5d8
 .debug_info    0x00000000     0x1746 main.o
 .debug_info    0x00001746     0x22f5 kernel.o
 .debug_info    0x00003a3b     0x1390 ../../lib/libcircle.a(actled.o)
 .debug_info    0x00004dcb     0x1059 ../../lib/libcircle.a(devicenameservice.o)
 .debug_info    0x00005e24     0x2aae ../../lib/libcircle.a(gpiopin.o)
 .debug_info    0x000088d2     0x17b3 ../../lib/libcircle.a(koptions.o)
 .debug_info    0x0000a085     0x21b7 ../../lib/libcircle.a(logger.o)
 .debug_info    0x0000c23c      0xf3f ../../lib/libcircle.a(machineinfo.o)
 .debug_info    0x0000d17b     0x3c49 ../../lib/libcircle.a(screen.o)
 .debug_info    0x00010dc4     0x2718 ../../lib/libcircle.a(serial.o)
 .debug_info    0x000134dc     0x2bf7 ../../lib/libcircle.a(string.o)
 .debug_info    0x000160d3      0xf5d ../../lib/libcircle.a(sysinit.o)
 .debug_info    0x00017030     0x273c ../../lib/libcircle.a(timer.o)
 .debug_info    0x0001976c      0x8d0 ../../lib/libcircle.a(util.o)
 .debug_info    0x0001a03c     0x107f ../../lib/libcircle.a(virtualgpiopin.o)
 .debug_info    0x0001b0bb      0x239 ../../lib/libcircle.a(chainboot.o)
 .debug_info    0x0001b2f4      0xaad ../../lib/libcircle.a(new.o)
 .debug_info    0x0001bda1     0x158b ../../lib/libcircle.a(heapallocator.o)
 .debug_info    0x0001d32c     0x14e0 ../../lib/libcircle.a(exceptionhandler.o)
 .debug_info    0x0001e80c      0xf46 ../../lib/libcircle.a(memory.o)
 .debug_info    0x0001f752      0x2be ../../lib/libcircle.a(pagetable.o)
 .debug_info    0x0001fa10      0x222 ../../lib/libcircle.a(synchronize.o)
 .debug_info    0x0001fc32     0x12d6 ../../lib/libcircle.a(interrupt.o)
 .debug_info    0x00020f08      0xe8a ../../lib/libcircle.a(assert.o)
 .debug_info    0x00021d92     0x106d ../../lib/libcircle.a(bcmframebuffer.o)
 .debug_info    0x00022dff      0xce9 ../../lib/libcircle.a(bcmpropertytags.o)
 .debug_info    0x00023ae8      0x3ac ../../lib/libcircle.a(chargenerator.o)
 .debug_info    0x00023e94      0xe7c ../../lib/libcircle.a(debug.o)
 .debug_info    0x00024d10      0x9e6 ../../lib/libcircle.a(device.o)
 .debug_info    0x000256f6     0x224c ../../lib/libcircle.a(dmachannel.o)
 .debug_info    0x00027942      0xa2f ../../lib/libcircle.a(gpiomanager.o)
 .debug_info    0x00028371      0x7dd ../../lib/libcircle.a(ptrlist.o)
 .debug_info    0x00028b4e      0x5d7 ../../lib/libcircle.a(pageallocator.o)
 .debug_info    0x00029125     0x10bb ../../lib/libcircle.a(bcmmailbox.o)
 .debug_info    0x0002a1e0       0x24 /usr/lib/gcc/arm-none-eabi/13.1.0/thumb/v7+fp/hard/libgcc.a(_aeabi_uldivmod.o)
 .debug_info    0x0002a204      0x398 /usr/lib/gcc/arm-none-eabi/13.1.0/thumb/v7+fp/hard/libgcc.a(_udivmoddi4.o)
 .debug_info    0x0002a59c       0x3c /usr/lib/gcc/arm-none-eabi/13.1.0/thumb/v7+fp/hard/libgcc.a(_dvmd_tls.o)

.debug_abbrev   0x00000000     0x887b
 .debug_abbrev  0x00000000      0x373 main.o
 .debug_abbrev  0x00000373      0x58e kernel.o
 .debug_abbrev  0x00000901      0x464 ../../lib/libcircle.a(actled.o)
 .debug_abbrev  0x00000d65      0x3ed ../../lib/libcircle.a(devicenameservice.o)
 .debug_abbrev  0x00001152      0x611 ../../lib/libcircle.a(gpiopin.o)
 .debug_abbrev  0x00001763      0x48d ../../lib/libcircle.a(koptions.o)
 .debug_abbrev  0x00001bf0      0x5ec ../../lib/libcircle.a(logger.o)
 .debug_abbrev  0x000021dc      0x435 ../../lib/libcircle.a(machineinfo.o)
 .debug_abbrev  0x00002611      0x6e3 ../../lib/libcircle.a(screen.o)
 .debug_abbrev  0x00002cf4      0x690 ../../lib/libcircle.a(serial.o)
 .debug_abbrev  0x00003384      0x49a ../../lib/libcircle.a(string.o)
 .debug_abbrev  0x0000381e      0x43a ../../lib/libcircle.a(sysinit.o)
 .debug_abbrev  0x00003c58      0x678 ../../lib/libcircle.a(timer.o)
 .debug_abbrev  0x000042d0      0x249 ../../lib/libcircle.a(util.o)
 .debug_abbrev  0x00004519      0x4db ../../lib/libcircle.a(virtualgpiopin.o)
 .debug_abbrev  0x000049f4      0x145 ../../lib/libcircle.a(chainboot.o)
 .debug_abbrev  0x00004b39      0x2a4 ../../lib/libcircle.a(new.o)
 .debug_abbrev  0x00004ddd      0x4b6 ../../lib/libcircle.a(heapallocator.o)
 .debug_abbrev  0x00005293      0x50b ../../lib/libcircle.a(exceptionhandler.o)
 .debug_abbrev  0x0000579e      0x431 ../../lib/libcircle.a(memory.o)
 .debug_abbrev  0x00005bcf      0x1e1 ../../lib/libcircle.a(pagetable.o)
 .debug_abbrev  0x00005db0      0x126 ../../lib/libcircle.a(synchronize.o)
 .debug_abbrev  0x00005ed6      0x4a4 ../../lib/libcircle.a(interrupt.o)
 .debug_abbrev  0x0000637a      0x2d6 ../../lib/libcircle.a(assert.o)
 .debug_abbrev  0x00006650      0x48b ../../lib/libcircle.a(bcmframebuffer.o)
 .debug_abbrev  0x00006adb      0x338 ../../lib/libcircle.a(bcmpropertytags.o)
 .debug_abbrev  0x00006e13      0x1c8 ../../lib/libcircle.a(chargenerator.o)
 .debug_abbrev  0x00006fdb      0x2dc ../../lib/libcircle.a(debug.o)
 .debug_abbrev  0x000072b7      0x335 ../../lib/libcircle.a(device.o)
 .debug_abbrev  0x000075ec      0x4ff ../../lib/libcircle.a(dmachannel.o)
 .debug_abbrev  0x00007aeb      0x38c ../../lib/libcircle.a(gpiomanager.o)
 .debug_abbrev  0x00007e77      0x1f3 ../../lib/libcircle.a(ptrlist.o)
 .debug_abbrev  0x0000806a      0x290 ../../lib/libcircle.a(pageallocator.o)
 .debug_abbrev  0x000082fa      0x44e ../../lib/libcircle.a(bcmmailbox.o)
 .debug_abbrev  0x00008748       0x14 /usr/lib/gcc/arm-none-eabi/13.1.0/thumb/v7+fp/hard/libgcc.a(_aeabi_uldivmod.o)
 .debug_abbrev  0x0000875c       0xf9 /usr/lib/gcc/arm-none-eabi/13.1.0/thumb/v7+fp/hard/libgcc.a(_udivmoddi4.o)
 .debug_abbrev  0x00008855       0x26 /usr/lib/gcc/arm-none-eabi/13.1.0/thumb/v7+fp/hard/libgcc.a(_dvmd_tls.o)

.debug_loclists
                0x00000000     0xe330
 .debug_loclists
                0x00000000       0x20 main.o
 .debug_loclists
                0x00000020      0x346 kernel.o
 .debug_loclists
                0x00000366      0x189 ../../lib/libcircle.a(actled.o)
 .debug_loclists
                0x000004ef      0x6f4 ../../lib/libcircle.a(devicenameservice.o)
 .debug_loclists
                0x00000be3     0x142f ../../lib/libcircle.a(gpiopin.o)
 .debug_loclists
                0x00002012      0x5d5 ../../lib/libcircle.a(koptions.o)
 .debug_loclists
                0x000025e7      0x79d ../../lib/libcircle.a(logger.o)
 .debug_loclists
                0x00002d84      0x4c8 ../../lib/libcircle.a(machineinfo.o)
 .debug_loclists
                0x0000324c     0x13a3 ../../lib/libcircle.a(screen.o)
 .debug_loclists
                0x000045ef     0x11b0 ../../lib/libcircle.a(serial.o)
 .debug_loclists
                0x0000579f     0x2456 ../../lib/libcircle.a(string.o)
 .debug_loclists
                0x00007bf5       0x87 ../../lib/libcircle.a(sysinit.o)
 .debug_loclists
                0x00007c7c      0xeef ../../lib/libcircle.a(timer.o)
 .debug_loclists
                0x00008b6b     0x103e ../../lib/libcircle.a(util.o)
 .debug_loclists
                0x00009ba9      0x28f ../../lib/libcircle.a(virtualgpiopin.o)
 .debug_loclists
                0x00009e38      0x112 ../../lib/libcircle.a(chainboot.o)
 .debug_loclists
                0x00009f4a      0x1fb ../../lib/libcircle.a(new.o)
 .debug_loclists
                0x0000a145      0x439 ../../lib/libcircle.a(heapallocator.o)
 .debug_loclists
                0x0000a57e      0x248 ../../lib/libcircle.a(exceptionhandler.o)
 .debug_loclists
                0x0000a7c6      0x244 ../../lib/libcircle.a(memory.o)
 .debug_loclists
                0x0000aa0a       0x7c ../../lib/libcircle.a(pagetable.o)
 .debug_loclists
                0x0000aa86       0xb4 ../../lib/libcircle.a(synchronize.o)
 .debug_loclists
                0x0000ab3a      0xb01 ../../lib/libcircle.a(interrupt.o)
 .debug_loclists
                0x0000b63b       0x55 ../../lib/libcircle.a(assert.o)
 .debug_loclists
                0x0000b690      0x4bb ../../lib/libcircle.a(bcmframebuffer.o)
 .debug_loclists
                0x0000bb4b      0x2d0 ../../lib/libcircle.a(bcmpropertytags.o)
 .debug_loclists
                0x0000be1b      0x149 ../../lib/libcircle.a(chargenerator.o)
 .debug_loclists
                0x0000bf64      0x102 ../../lib/libcircle.a(debug.o)
 .debug_loclists
                0x0000c066      0x2db ../../lib/libcircle.a(device.o)
 .debug_loclists
                0x0000c341     0x113a ../../lib/libcircle.a(dmachannel.o)
 .debug_loclists
                0x0000d47b      0x41f ../../lib/libcircle.a(gpiomanager.o)
 .debug_loclists
                0x0000d89a      0x393 ../../lib/libcircle.a(ptrlist.o)
 .debug_loclists
                0x0000dc2d      0x1c7 ../../lib/libcircle.a(pageallocator.o)
 .debug_loclists
                0x0000ddf4      0x2d9 ../../lib/libcircle.a(bcmmailbox.o)
 .debug_loclists
                0x0000e0cd      0x263 /usr/lib/gcc/arm-none-eabi/13.1.0/thumb/v7+fp/hard/libgcc.a(_udivmoddi4.o)

.debug_aranges  0x00000000      0x4b8
 .debug_aranges
                0x00000000       0x20 main.o
 .debug_aranges
                0x00000020       0x20 kernel.o
 .debug_aranges
                0x00000040       0x20 ../../lib/libcircle.a(actled.o)
 .debug_aranges
                0x00000060       0x20 ../../lib/libcircle.a(devicenameservice.o)
 .debug_aranges
                0x00000080       0x28 ../../lib/libcircle.a(gpiopin.o)
 .debug_aranges
                0x000000a8       0x20 ../../lib/libcircle.a(koptions.o)
 .debug_aranges
                0x000000c8       0x20 ../../lib/libcircle.a(logger.o)
 .debug_aranges
                0x000000e8       0x20 ../../lib/libcircle.a(machineinfo.o)
 .debug_aranges
                0x00000108       0x20 ../../lib/libcircle.a(screen.o)
 .debug_aranges
                0x00000128       0x20 ../../lib/libcircle.a(serial.o)
 .debug_aranges
                0x00000148       0x20 ../../lib/libcircle.a(string.o)
 .debug_aranges
                0x00000168       0x20 ../../lib/libcircle.a(sysinit.o)
 .debug_aranges
                0x00000188       0x20 ../../lib/libcircle.a(timer.o)
 .debug_aranges
                0x000001a8       0x20 ../../lib/libcircle.a(util.o)
 .debug_aranges
                0x000001c8       0x28 ../../lib/libcircle.a(virtualgpiopin.o)
 .debug_aranges
                0x000001f0       0x20 ../../lib/libcircle.a(chainboot.o)
 .debug_aranges
                0x00000210       0x20 ../../lib/libcircle.a(new.o)
 .debug_aranges
                0x00000230       0x20 ../../lib/libcircle.a(heapallocator.o)
 .debug_aranges
                0x00000250       0x20 ../../lib/libcircle.a(exceptionhandler.o)
 .debug_aranges
                0x00000270       0x20 ../../lib/libcircle.a(memory.o)
 .debug_aranges
                0x00000290       0x20 ../../lib/libcircle.a(pagetable.o)
 .debug_aranges
                0x000002b0       0x20 ../../lib/libcircle.a(synchronize.o)
 .debug_aranges
                0x000002d0       0x20 ../../lib/libcircle.a(interrupt.o)
 .debug_aranges
                0x000002f0       0x20 ../../lib/libcircle.a(assert.o)
 .debug_aranges
                0x00000310       0x20 ../../lib/libcircle.a(bcmframebuffer.o)
 .debug_aranges
                0x00000330       0x20 ../../lib/libcircle.a(bcmpropertytags.o)
 .debug_aranges
                0x00000350       0x20 ../../lib/libcircle.a(chargenerator.o)
 .debug_aranges
                0x00000370       0x20 ../../lib/libcircle.a(debug.o)
 .debug_aranges
                0x00000390       0x20 ../../lib/libcircle.a(device.o)
 .debug_aranges
                0x000003b0       0x20 ../../lib/libcircle.a(dmachannel.o)
 .debug_aranges
                0x000003d0       0x20 ../../lib/libcircle.a(gpiomanager.o)
 .debug_aranges
                0x000003f0       0x20 ../../lib/libcircle.a(ptrlist.o)
 .debug_aranges
                0x00000410       0x20 ../../lib/libcircle.a(pageallocator.o)
 .debug_aranges
                0x00000430       0x28 ../../lib/libcircle.a(bcmmailbox.o)
 .debug_aranges
                0x00000458       0x20 /usr/lib/gcc/arm-none-eabi/13.1.0/thumb/v7+fp/hard/libgcc.a(_aeabi_uldivmod.o)
 .debug_aranges
                0x00000478       0x20 /usr/lib/gcc/arm-none-eabi/13.1.0/thumb/v7+fp/hard/libgcc.a(_udivmoddi4.o)
 .debug_aranges
                0x00000498       0x20 /usr/lib/gcc/arm-none-eabi/13.1.0/thumb/v7+fp/hard/libgcc.a(_dvmd_tls.o)

.debug_rnglists
                0x00000000     0x13df
 .debug_rnglists
                0x00000000       0x13 main.o
 .debug_rnglists
                0x00000013       0x61 kernel.o
 .debug_rnglists
                0x00000074       0x4a ../../lib/libcircle.a(actled.o)
 .debug_rnglists
                0x000000be       0xa2 ../../lib/libcircle.a(devicenameservice.o)
 .debug_rnglists
                0x00000160      0x165 ../../lib/libcircle.a(gpiopin.o)
 .debug_rnglists
                0x000002c5      0x137 ../../lib/libcircle.a(koptions.o)
 .debug_rnglists
                0x000003fc       0xbc ../../lib/libcircle.a(logger.o)
 .debug_rnglists
                0x000004b8       0x17 ../../lib/libcircle.a(machineinfo.o)
 .debug_rnglists
                0x000004cf      0x26a ../../lib/libcircle.a(screen.o)
 .debug_rnglists
                0x00000739      0x21e ../../lib/libcircle.a(serial.o)
 .debug_rnglists
                0x00000957      0x1bd ../../lib/libcircle.a(string.o)
 .debug_rnglists
                0x00000b14       0x2a ../../lib/libcircle.a(sysinit.o)
 .debug_rnglists
                0x00000b3e      0x20f ../../lib/libcircle.a(timer.o)
 .debug_rnglists
                0x00000d4d       0xc1 ../../lib/libcircle.a(util.o)
 .debug_rnglists
                0x00000e0e       0x91 ../../lib/libcircle.a(virtualgpiopin.o)
 .debug_rnglists
                0x00000e9f       0x30 ../../lib/libcircle.a(new.o)
 .debug_rnglists
                0x00000ecf       0x8e ../../lib/libcircle.a(heapallocator.o)
 .debug_rnglists
                0x00000f5d       0x53 ../../lib/libcircle.a(exceptionhandler.o)
 .debug_rnglists
                0x00000fb0       0x2b ../../lib/libcircle.a(memory.o)
 .debug_rnglists
                0x00000fdb       0x27 ../../lib/libcircle.a(pagetable.o)
 .debug_rnglists
                0x00001002      0x108 ../../lib/libcircle.a(interrupt.o)
 .debug_rnglists
                0x0000110a       0x2b ../../lib/libcircle.a(bcmframebuffer.o)
 .debug_rnglists
                0x00001135       0x27 ../../lib/libcircle.a(debug.o)
 .debug_rnglists
                0x0000115c       0x14 ../../lib/libcircle.a(device.o)
 .debug_rnglists
                0x00001170       0xdd ../../lib/libcircle.a(dmachannel.o)
 .debug_rnglists
                0x0000124d       0x3f ../../lib/libcircle.a(gpiomanager.o)
 .debug_rnglists
                0x0000128c       0x1e ../../lib/libcircle.a(ptrlist.o)
 .debug_rnglists
                0x000012aa       0x5e ../../lib/libcircle.a(pageallocator.o)
 .debug_rnglists
                0x00001308       0xc3 ../../lib/libcircle.a(bcmmailbox.o)
 .debug_rnglists
                0x000013cb       0x14 /usr/lib/gcc/arm-none-eabi/13.1.0/thumb/v7+fp/hard/libgcc.a(_udivmoddi4.o)

.debug_line     0x00000000     0xe2c1
 .debug_line    0x00000000      0x178 main.o
 .debug_line    0x00000178      0x42c kernel.o
 .debug_line    0x000005a4      0x321 ../../lib/libcircle.a(actled.o)
 .debug_line    0x000008c5      0x70a ../../lib/libcircle.a(devicenameservice.o)
 .debug_line    0x00000fcf     0x1041 ../../lib/libcircle.a(gpiopin.o)
 .debug_line    0x00002010      0x7ee ../../lib/libcircle.a(koptions.o)
 .debug_line    0x000027fe      0x9b9 ../../lib/libcircle.a(logger.o)
 .debug_line    0x000031b7      0x525 ../../lib/libcircle.a(machineinfo.o)
 .debug_line    0x000036dc     0x19e0 ../../lib/libcircle.a(screen.o)
 .debug_line    0x000050bc     0x13e7 ../../lib/libcircle.a(serial.o)
 .debug_line    0x000064a3     0x1972 ../../lib/libcircle.a(string.o)
 .debug_line    0x00007e15      0x28b ../../lib/libcircle.a(sysinit.o)
 .debug_line    0x000080a0      0xfb5 ../../lib/libcircle.a(timer.o)
 .debug_line    0x00009055      0x935 ../../lib/libcircle.a(util.o)
 .debug_line    0x0000998a      0x3c8 ../../lib/libcircle.a(virtualgpiopin.o)
 .debug_line    0x00009d52       0xe4 ../../lib/libcircle.a(chainboot.o)
 .debug_line    0x00009e36      0x18f ../../lib/libcircle.a(new.o)
 .debug_line    0x00009fc5      0x4fb ../../lib/libcircle.a(heapallocator.o)
 .debug_line    0x0000a4c0      0x396 ../../lib/libcircle.a(exceptionhandler.o)
 .debug_line    0x0000a856      0x374 ../../lib/libcircle.a(memory.o)
 .debug_line    0x0000abca      0x13f ../../lib/libcircle.a(pagetable.o)
 .debug_line    0x0000ad09      0x154 ../../lib/libcircle.a(synchronize.o)
 .debug_line    0x0000ae5d      0x9b0 ../../lib/libcircle.a(interrupt.o)
 .debug_line    0x0000b80d      0x13b ../../lib/libcircle.a(assert.o)
 .debug_line    0x0000b948      0x40b ../../lib/libcircle.a(bcmframebuffer.o)
 .debug_line    0x0000bd53      0x2a2 ../../lib/libcircle.a(bcmpropertytags.o)
 .debug_line    0x0000bff5      0x117 ../../lib/libcircle.a(chargenerator.o)
 .debug_line    0x0000c10c      0x1bd ../../lib/libcircle.a(debug.o)
 .debug_line    0x0000c2c9      0x21e ../../lib/libcircle.a(device.o)
 .debug_line    0x0000c4e7      0xd3b ../../lib/libcircle.a(dmachannel.o)
 .debug_line    0x0000d222      0x3e2 ../../lib/libcircle.a(gpiomanager.o)
 .debug_line    0x0000d604      0x3f3 ../../lib/libcircle.a(ptrlist.o)
 .debug_line    0x0000d9f7      0x294 ../../lib/libcircle.a(pageallocator.o)
 .debug_line    0x0000dc8b      0x417 ../../lib/libcircle.a(bcmmailbox.o)
 .debug_line    0x0000e0a2       0x4e /usr/lib/gcc/arm-none-eabi/13.1.0/thumb/v7+fp/hard/libgcc.a(_aeabi_uldivmod.o)
 .debug_line    0x0000e0f0      0x187 /usr/lib/gcc/arm-none-eabi/13.1.0/thumb/v7+fp/hard/libgcc.a(_udivmoddi4.o)
 .debug_line    0x0000e277       0x4a /usr/lib/gcc/arm-none-eabi/13.1.0/thumb/v7+fp/hard/libgcc.a(_dvmd_tls.o)

.debug_str      0x00000000     0x706c
 .debug_str     0x00000000     0x19ae main.o
                               0x1b0e (size before relaxing)
 .debug_str     0x000019ae      0x441 kernel.o
                               0x1f95 (size before relaxing)
 .debug_str     0x00001def      0x951 ../../lib/libcircle.a(actled.o)
                               0x159c (size before relaxing)
 .debug_str     0x00002740      0x1ea ../../lib/libcircle.a(devicenameservice.o)
                                0x68b (size before relaxing)
 .debug_str     0x0000292a      0x761 ../../lib/libcircle.a(gpiopin.o)
                               0x1c2b (size before relaxing)
 .debug_str     0x0000308b      0x241 ../../lib/libcircle.a(koptions.o)
                                0xb3a (size before relaxing)
 .debug_str     0x000032cc      0x180 ../../lib/libcircle.a(logger.o)
                               0x1996 (size before relaxing)
 .debug_str     0x0000344c      0x186 ../../lib/libcircle.a(machineinfo.o)
                                0xbb9 (size before relaxing)
 .debug_str     0x000035d2     0x149f ../../lib/libcircle.a(screen.o)
                               0x1f7f (size before relaxing)
 .debug_str     0x00004a71      0x511 ../../lib/libcircle.a(serial.o)
                               0x1773 (size before relaxing)
 .debug_str     0x00004f82      0x349 ../../lib/libcircle.a(string.o)
                                0x6dd (size before relaxing)
 .debug_str     0x000052cb      0x62c ../../lib/libcircle.a(sysinit.o)
                                0xff1 (size before relaxing)
 .debug_str     0x000058f7      0x20e ../../lib/libcircle.a(timer.o)
                               0x1368 (size before relaxing)
 .debug_str     0x00005b05      0x112 ../../lib/libcircle.a(util.o)
                                0x2fb (size before relaxing)
 .debug_str     0x00005c17      0x18e ../../lib/libcircle.a(virtualgpiopin.o)
                                0xcb5 (size before relaxing)
 .debug_str     0x00005da5       0x6a ../../lib/libcircle.a(chainboot.o)
                                0x220 (size before relaxing)
 .debug_str     0x00005e0f       0x5d ../../lib/libcircle.a(new.o)
                                0x854 (size before relaxing)
 .debug_str     0x00005e6c       0x9c ../../lib/libcircle.a(heapallocator.o)
                               0x12c1 (size before relaxing)
 .debug_str     0x00005f08      0x286 ../../lib/libcircle.a(exceptionhandler.o)
                               0x1332 (size before relaxing)
 .debug_str     0x0000618e      0x124 ../../lib/libcircle.a(memory.o)
                                0xb42 (size before relaxing)
 .debug_str     0x000062b2       0x50 ../../lib/libcircle.a(pagetable.o)
                                0x263 (size before relaxing)
 .debug_str     0x00006302       0x3f ../../lib/libcircle.a(synchronize.o)
                                0x1fe (size before relaxing)
 .debug_str     0x00006341       0xa6 ../../lib/libcircle.a(interrupt.o)
                                0x5c0 (size before relaxing)
 .debug_str     0x000063e7       0x28 ../../lib/libcircle.a(assert.o)
                               0x10b6 (size before relaxing)
 .debug_str     0x0000640f       0xa6 ../../lib/libcircle.a(bcmframebuffer.o)
                                0xa33 (size before relaxing)
 .debug_str     0x000064b5       0xd7 ../../lib/libcircle.a(bcmpropertytags.o)
                                0xa79 (size before relaxing)
 .debug_str     0x0000658c       0x6d ../../lib/libcircle.a(chargenerator.o)
                                0x322 (size before relaxing)
 .debug_str     0x000065f9       0x5b ../../lib/libcircle.a(debug.o)
                               0x1073 (size before relaxing)
 .debug_str     0x00006654      0x15c ../../lib/libcircle.a(device.o)
                                0x5f2 (size before relaxing)
 .debug_str     0x000067b0       0xdd ../../lib/libcircle.a(dmachannel.o)
                               0x180c (size before relaxing)
 .debug_str     0x0000688d       0x5b ../../lib/libcircle.a(gpiomanager.o)
                                0x6d4 (size before relaxing)
 .debug_str     0x000068e8       0x42 ../../lib/libcircle.a(ptrlist.o)
                                0x340 (size before relaxing)
 .debug_str     0x0000692a       0x52 ../../lib/libcircle.a(pageallocator.o)
                                0x3bc (size before relaxing)
 .debug_str     0x0000697c       0x6d ../../lib/libcircle.a(bcmmailbox.o)
                                0xe30 (size before relaxing)
 .debug_str     0x000069e9       0x9b /usr/lib/gcc/arm-none-eabi/13.1.0/thumb/v7+fp/hard/libgcc.a(_aeabi_uldivmod.o)
 .debug_str     0x00006a84      0x586 /usr/lib/gcc/arm-none-eabi/13.1.0/thumb/v7+fp/hard/libgcc.a(_udivmoddi4.o)
                                0x669 (size before relaxing)
 .debug_str     0x0000700a       0x62 /usr/lib/gcc/arm-none-eabi/13.1.0/thumb/v7+fp/hard/libgcc.a(_dvmd_tls.o)
                                 0xbb (size before relaxing)

.comment        0x00000000       0x1e
 .comment       0x00000000       0x1e main.o
                                 0x1f (size before relaxing)
 .comment       0x0000001e       0x1f kernel.o
 .comment       0x0000001e       0x1f ../../lib/libcircle.a(actled.o)
 .comment       0x0000001e       0x1f ../../lib/libcircle.a(devicenameservice.o)
 .comment       0x0000001e       0x1f ../../lib/libcircle.a(gpiopin.o)
 .comment       0x0000001e       0x1f ../../lib/libcircle.a(koptions.o)
 .comment       0x0000001e       0x1f ../../lib/libcircle.a(logger.o)
 .comment       0x0000001e       0x1f ../../lib/libcircle.a(machineinfo.o)
 .comment       0x0000001e       0x1f ../../lib/libcircle.a(screen.o)
 .comment       0x0000001e       0x1f ../../lib/libcircle.a(serial.o)
 .comment       0x0000001e       0x1f ../../lib/libcircle.a(string.o)
 .comment       0x0000001e       0x1f ../../lib/libcircle.a(sysinit.o)
 .comment       0x0000001e       0x1f ../../lib/libcircle.a(timer.o)
 .comment       0x0000001e       0x1f ../../lib/libcircle.a(util.o)
 .comment       0x0000001e       0x1f ../../lib/libcircle.a(virtualgpiopin.o)
 .comment       0x0000001e       0x1f ../../lib/libcircle.a(chainboot.o)
 .comment       0x0000001e       0x1f ../../lib/libcircle.a(new.o)
 .comment       0x0000001e       0x1f ../../lib/libcircle.a(heapallocator.o)
 .comment       0x0000001e       0x1f ../../lib/libcircle.a(exceptionhandler.o)
 .comment       0x0000001e       0x1f ../../lib/libcircle.a(memory.o)
 .comment       0x0000001e       0x1f ../../lib/libcircle.a(pagetable.o)
 .comment       0x0000001e       0x1f ../../lib/libcircle.a(synchronize.o)
 .comment       0x0000001e       0x1f ../../lib/libcircle.a(interrupt.o)
 .comment       0x0000001e       0x1f ../../lib/libcircle.a(assert.o)
 .comment       0x0000001e       0x1f ../../lib/libcircle.a(bcmframebuffer.o)
 .comment       0x0000001e       0x1f ../../lib/libcircle.a(bcmpropertytags.o)
 .comment       0x0000001e       0x1f ../../lib/libcircle.a(chargenerator.o)
 .comment       0x0000001e       0x1f ../../lib/libcircle.a(debug.o)
 .comment       0x0000001e       0x1f ../../lib/libcircle.a(device.o)
 .comment       0x0000001e       0x1f ../../lib/libcircle.a(dmachannel.o)
 .comment       0x0000001e       0x1f ../../lib/libcircle.a(gpiomanager.o)
 .comment       0x0000001e       0x1f ../../lib/libcircle.a(ptrlist.o)
 .comment       0x0000001e       0x1f ../../lib/libcircle.a(pageallocator.o)
 .comment       0x0000001e       0x1f ../../lib/libcircle.a(bcmmailbox.o)
 .comment       0x0000001e       0x1f /usr/lib/gcc/arm-none-eabi/13.1.0/thumb/v7+fp/hard/libgcc.a(_udivmoddi4.o)

.ARM.attributes
                0x00000000       0x37
 .ARM.attributes
                0x00000000       0x39 main.o
 .ARM.attributes
                0x00000039       0x39 kernel.o
 .ARM.attributes
                0x00000072       0x37 ../../lib/libcircle.a(actled.o)
 .ARM.attributes
                0x000000a9       0x37 ../../lib/libcircle.a(devicenameservice.o)
 .ARM.attributes
                0x000000e0       0x37 ../../lib/libcircle.a(gpiopin.o)
 .ARM.attributes
                0x00000117       0x37 ../../lib/libcircle.a(koptions.o)
 .ARM.attributes
                0x0000014e       0x37 ../../lib/libcircle.a(logger.o)
 .ARM.attributes
                0x00000185       0x37 ../../lib/libcircle.a(machineinfo.o)
 .ARM.attributes
                0x000001bc       0x37 ../../lib/libcircle.a(screen.o)
 .ARM.attributes
                0x000001f3       0x37 ../../lib/libcircle.a(serial.o)
 .ARM.attributes
                0x0000022a       0x37 ../../lib/libcircle.a(string.o)
 .ARM.attributes
                0x00000261       0x37 ../../lib/libcircle.a(sysinit.o)
 .ARM.attributes
                0x00000298       0x37 ../../lib/libcircle.a(timer.o)
 .ARM.attributes
                0x000002cf       0x37 ../../lib/libcircle.a(util.o)
 .ARM.attributes
                0x00000306       0x25 ../../lib/libcircle.a(util_fast.o)
 .ARM.attributes
                0x0000032b       0x37 ../../lib/libcircle.a(virtualgpiopin.o)
 .ARM.attributes
                0x00000362       0x37 ../../lib/libcircle.a(chainboot.o)
 .ARM.attributes
                0x00000399       0x37 ../../lib/libcircle.a(new.o)
 .ARM.attributes
                0x000003d0       0x37 ../../lib/libcircle.a(heapallocator.o)
 .ARM.attributes
                0x00000407       0x25 ../../lib/libcircle.a(cache-v7.o)
 .ARM.attributes
                0x0000042c       0x37 ../../lib/libcircle.a(exceptionhandler.o)
 .ARM.attributes
                0x00000463       0x25 ../../lib/libcircle.a(exceptionstub.o)
 .ARM.attributes
                0x00000488       0x37 ../../lib/libcircle.a(memory.o)
 .ARM.attributes
                0x000004bf       0x37 ../../lib/libcircle.a(pagetable.o)
 .ARM.attributes
                0x000004f6       0x25 ../../lib/libcircle.a(startup.o)
 .ARM.attributes
                0x0000051b       0x37 ../../lib/libcircle.a(synchronize.o)
 .ARM.attributes
                0x00000552       0x37 ../../lib/libcircle.a(interrupt.o)
 .ARM.attributes
                0x00000589       0x37 ../../lib/libcircle.a(assert.o)
 .ARM.attributes
                0x000005c0       0x37 ../../lib/libcircle.a(bcmframebuffer.o)
 .ARM.attributes
                0x000005f7       0x37 ../../lib/libcircle.a(bcmpropertytags.o)
 .ARM.attributes
                0x0000062e       0x37 ../../lib/libcircle.a(chargenerator.o)
 .ARM.attributes
                0x00000665       0x37 ../../lib/libcircle.a(debug.o)
 .ARM.attributes
                0x0000069c       0x25 ../../lib/libcircle.a(delayloop.o)
 .ARM.attributes
                0x000006c1       0x37 ../../lib/libcircle.a(device.o)
 .ARM.attributes
                0x000006f8       0x37 ../../lib/libcircle.a(dmachannel.o)
 .ARM.attributes
                0x0000072f       0x37 ../../lib/libcircle.a(gpiomanager.o)
 .ARM.attributes
                0x00000766       0x37 ../../lib/libcircle.a(ptrlist.o)
 .ARM.attributes
                0x0000079d       0x37 ../../lib/libcircle.a(pageallocator.o)
 .ARM.attributes
                0x000007d4       0x37 ../../lib/libcircle.a(bcmmailbox.o)
 .ARM.attributes
                0x0000080b       0x1b /usr/lib/gcc/arm-none-eabi/13.1.0/thumb/v7+fp/hard/libgcc.a(_aeabi_uldivmod.o)
 .ARM.attributes
                0x00000826       0x2d /usr/lib/gcc/arm-none-eabi/13.1.0/thumb/v7+fp/hard/libgcc.a(_udivmoddi4.o)
 .ARM.attributes
                0x00000853       0x1b /usr/lib/gcc/arm-none-eabi/13.1.0/thumb/v7+fp/hard/libgcc.a(_dvmd_tls.o)

.debug_frame    0x00000000     0x29c4
 .debug_frame   0x00000000       0x30 main.o
 .debug_frame   0x00000030       0xc4 kernel.o
 .debug_frame   0x000000f4       0x90 ../../lib/libcircle.a(actled.o)
 .debug_frame   0x00000184      0x1b8 ../../lib/libcircle.a(devicenameservice.o)
 .debug_frame   0x0000033c      0x304 ../../lib/libcircle.a(gpiopin.o)
 .debug_frame   0x00000640      0x200 ../../lib/libcircle.a(koptions.o)
 .debug_frame   0x00000840      0x1bc ../../lib/libcircle.a(logger.o)
 .debug_frame   0x000009fc      0x198 ../../lib/libcircle.a(machineinfo.o)
 .debug_frame   0x00000b94      0x4bc ../../lib/libcircle.a(screen.o)
 .debug_frame   0x00001050      0x204 ../../lib/libcircle.a(serial.o)
 .debug_frame   0x00001254      0x2f4 ../../lib/libcircle.a(string.o)
 .debug_frame   0x00001548       0x7c ../../lib/libcircle.a(sysinit.o)
 .debug_frame   0x000015c4      0x2d8 ../../lib/libcircle.a(timer.o)
 .debug_frame   0x0000189c      0x174 ../../lib/libcircle.a(util.o)
 .debug_frame   0x00001a10       0xb8 ../../lib/libcircle.a(virtualgpiopin.o)
 .debug_frame   0x00001ac8       0x58 ../../lib/libcircle.a(chainboot.o)
 .debug_frame   0x00001b20       0xb0 ../../lib/libcircle.a(new.o)
 .debug_frame   0x00001bd0       0xd0 ../../lib/libcircle.a(heapallocator.o)
 .debug_frame   0x00001ca0      0x10c ../../lib/libcircle.a(exceptionhandler.o)
 .debug_frame   0x00001dac       0xcc ../../lib/libcircle.a(memory.o)
 .debug_frame   0x00001e78       0x50 ../../lib/libcircle.a(pagetable.o)
 .debug_frame   0x00001ec8       0x68 ../../lib/libcircle.a(synchronize.o)
 .debug_frame   0x00001f30      0x194 ../../lib/libcircle.a(interrupt.o)
 .debug_frame   0x000020c4       0x2c ../../lib/libcircle.a(assert.o)
 .debug_frame   0x000020f0      0x1c0 ../../lib/libcircle.a(bcmframebuffer.o)
 .debug_frame   0x000022b0       0x7c ../../lib/libcircle.a(bcmpropertytags.o)
 .debug_frame   0x0000232c       0x78 ../../lib/libcircle.a(chargenerator.o)
 .debug_frame   0x000023a4       0x64 ../../lib/libcircle.a(debug.o)
 .debug_frame   0x00002408       0xf8 ../../lib/libcircle.a(device.o)
 .debug_frame   0x00002500      0x17c ../../lib/libcircle.a(dmachannel.o)
 .debug_frame   0x0000267c       0xb4 ../../lib/libcircle.a(gpiomanager.o)
 .debug_frame   0x00002730       0xe8 ../../lib/libcircle.a(ptrlist.o)
 .debug_frame   0x00002818       0xa0 ../../lib/libcircle.a(pageallocator.o)
 .debug_frame   0x000028b8       0xac ../../lib/libcircle.a(bcmmailbox.o)
 .debug_frame   0x00002964       0x2c /usr/lib/gcc/arm-none-eabi/13.1.0/thumb/v7+fp/hard/libgcc.a(_aeabi_uldivmod.o)
 .debug_frame   0x00002990       0x34 /usr/lib/gcc/arm-none-eabi/13.1.0/thumb/v7+fp/hard/libgcc.a(_udivmoddi4.o)

.debug_line_str
                0x00000000       0x9b
 .debug_line_str
                0x00000000       0x8f /usr/lib/gcc/arm-none-eabi/13.1.0/thumb/v7+fp/hard/libgcc.a(_aeabi_uldivmod.o)
 .debug_line_str
                0x0000008f        0xc /usr/lib/gcc/arm-none-eabi/13.1.0/thumb/v7+fp/hard/libgcc.a(_dvmd_tls.o)
                                 0x93 (size before relaxing)
